{"what":{"in":"10","the":"11","world":"is this format"}}