[
  {
    "buzz": null,
    "foo": "bar",
    "baz": 10
  },
  {
    "bizz": [
      [
        "oh my",
        "..."
      ],
      [
        "what?!",
        10
      ]
    ]
  }
]